D:/STM_LoRaWAN/LoRaWAN_End_Node_Mod/LoRaWAN/App/lora_app.c:801:13:OnTxFrameCtrlChanged	0	static
D:/STM_LoRaWAN/LoRaWAN_End_Node_Mod/LoRaWAN/App/lora_app.c:812:13:OnPingSlotPeriodicityChanged	0	static
D:/STM_LoRaWAN/LoRaWAN_End_Node_Mod/LoRaWAN/App/lora_app.c:725:13:OnBeaconStatusChange	72	static
D:/STM_LoRaWAN/LoRaWAN_End_Node_Mod/LoRaWAN/App/lora_app.c:760:13:OnClassChange	16	static
D:/STM_LoRaWAN/LoRaWAN_End_Node_Mod/LoRaWAN/App/lora_app.c:912:13:OnNvmDataChange	8	static
D:/STM_LoRaWAN/LoRaWAN_End_Node_Mod/LoRaWAN/App/lora_app.c:636:13:OnTxTimerEvent	8	static
D:/STM_LoRaWAN/LoRaWAN_End_Node_Mod/LoRaWAN/App/lora_app.c:767:13:OnMacProcessNotify	8	static
D:/STM_LoRaWAN/LoRaWAN_End_Node_Mod/LoRaWAN/App/lora_app.c:823:13:OnSystemReset	8	static,ignoring_inline_asm
D:/STM_LoRaWAN/LoRaWAN_End_Node_Mod/LoRaWAN/App/lora_app.c:779:13:OnTxPeriodicityChanged	8	static
D:/STM_LoRaWAN/LoRaWAN_End_Node_Mod/LoRaWAN/App/lora_app.c:668:13:OnTxData	24	static
D:/STM_LoRaWAN/LoRaWAN_End_Node_Mod/LoRaWAN/App/lora_app.c:697:13:OnJoinRequest	8	static
D:/STM_LoRaWAN/LoRaWAN_End_Node_Mod/LoRaWAN/App/lora_app.c:874:13:OnStopJoinTimerEvent	8	static
D:/STM_LoRaWAN/LoRaWAN_End_Node_Mod/LoRaWAN/App/lora_app.c:656:13:OnRxTimerLedEvent	8	static
D:/STM_LoRaWAN/LoRaWAN_End_Node_Mod/LoRaWAN/App/lora_app.c:651:13:OnTxTimerLedEvent	8	static
D:/STM_LoRaWAN/LoRaWAN_End_Node_Mod/LoRaWAN/App/lora_app.c:464:13:OnRxData	48	static
D:/STM_LoRaWAN/LoRaWAN_End_Node_Mod/LoRaWAN/App/lora_app.c:930:13:OnStoreContextRequest	16	static
D:/STM_LoRaWAN/LoRaWAN_End_Node_Mod/LoRaWAN/App/lora_app.c:949:13:OnRestoreContextRequest	8	static
D:/STM_LoRaWAN/LoRaWAN_End_Node_Mod/LoRaWAN/App/lora_app.c:837:13:StopJoin	16	static
D:/STM_LoRaWAN/LoRaWAN_End_Node_Mod/LoRaWAN/App/lora_app.c:890:13:StoreContext	8	static
D:/STM_LoRaWAN/LoRaWAN_End_Node_Mod/LoRaWAN/App/lora_app.c:549:14:randomFloat	8	static
D:/STM_LoRaWAN/LoRaWAN_End_Node_Mod/LoRaWAN/App/lora_app.c:556:14:getMockTemperature	8	static
D:/STM_LoRaWAN/LoRaWAN_End_Node_Mod/LoRaWAN/App/lora_app.c:565:15:getMockAcceleration	16	static
D:/STM_LoRaWAN/LoRaWAN_End_Node_Mod/LoRaWAN/App/lora_app.c:577:13:SendTxData	40	static
D:/STM_LoRaWAN/LoRaWAN_End_Node_Mod/LoRaWAN/App/lora_app.c:661:13:OnJoinTimerLedEvent	8	static
D:/STM_LoRaWAN/LoRaWAN_End_Node_Mod/LoRaWAN/App/lora_app.c:344:6:LoRaWAN_Init	48	static
D:/STM_LoRaWAN/LoRaWAN_End_Node_Mod/LoRaWAN/App/lora_app.c:435:6:HAL_GPIO_EXTI_Callback	8	static
